<html>
<body>
<pre>
<h1>µVision Build Log</h1>
<h2>Tool Versions:</h2>
IDE-Version: ¦ÌVision V5.34.0.0
Copyright (C) 2021 ARM Ltd and ARM Germany GmbH. All rights reserved.
License Information: 1 3408584731@qq.com, 1, LIC=585FJ-UFHFF-MMU9I-TN7MR-XJRCC-KI6J6
 
Tool Versions:
Toolchain:       MDK-ARM Plus  Version: 5.34.0.0
Toolchain Path:  E:\Keil_V5\ARM\ARMCLANG\Bin
C Compiler:      ArmClang.exe V6.16
Assembler:       Armasm.exe V6.16
Linker/Locator:  ArmLink.exe V6.16
Library Manager: ArmAr.exe V6.16
Hex Converter:   FromElf.exe V6.16
CPU DLL:         SARMCM3.DLL V5.34.0.0
Dialog DLL:      DCM.DLL V1.17.3.0
Target DLL:      CMSIS_AGDI.dll V1.32.13.0
Dialog DLL:      TCM.DLL V1.48.0.0
 
<h2>Project:</h2>
E:\Code\RM2026\CurrrentSmall\MDK-ARM\C_Board_Standard_Robot.uvprojx
Project File Date:  12/11/2025

<h2>Output:</h2>
*** Using Compiler 'V6.16', folder: 'E:\Keil_V5\ARM\ARMCLANG\Bin'
*** Warning: You are compiling one or more files of source type C++ and have selected 'use MicroLIB'. MicroLIB does not support C++!
  
Rebuild target 'C_Board_Standard_Robot'
compiling tim.c...
compiling rng.c...
compiling usbd_conf.c...
compiling freertos.c...
compiling usbd_cdc_if.c...
compiling spi.c...
assembling startup_stm32f407xx.s...
compiling dma.c...
compiling gpio.c...
compiling usbd_desc.c...
compiling can.c...
compiling main.c...
compiling usart.c...
compiling usb_device.c...
compiling stm32f4xx_it.c...
compiling stm32f4xx_hal_timebase_tim.c...
compiling stm32f4xx_hal_msp.c...
compiling stm32f4xx_hal_pcd_ex.c...
compiling stm32f4xx_hal_rcc_ex.c...
compiling stm32f4xx_hal_rcc.c...
compiling stm32f4xx_hal_tim_ex.c...
compiling stm32f4xx_hal_flash.c...
compiling stm32f4xx_hal_pcd.c...
compiling stm32f4xx_hal_flash_ramfunc.c...
compiling stm32f4xx_hal_flash_ex.c...
compiling stm32f4xx_ll_usb.c...
compiling stm32f4xx_hal_gpio.c...
compiling stm32f4xx_hal_dma_ex.c...
compiling stm32f4xx_hal_tim.c...
compiling stm32f4xx_hal_dma.c...
compiling stm32f4xx_hal_pwr.c...
compiling stm32f4xx_hal_pwr_ex.c...
compiling stm32f4xx_hal_cortex.c...
compiling stm32f4xx_hal_exti.c...
compiling stm32f4xx_hal.c...
compiling stm32f4xx_hal_rng.c...
compiling croutine.c...
compiling stm32f4xx_hal_can.c...
compiling system_stm32f4xx.c...
compiling list.c...
compiling event_groups.c...
compiling stream_buffer.c...
compiling stm32f4xx_hal_uart.c...
compiling stm32f4xx_hal_spi.c...
compiling queue.c...
compiling tasks.c...
compiling heap_4.c...
compiling timers.c...
compiling port.c...
compiling bsp_PWM.c...
compiling bsp_dwt.c...
compiling bsp_buzzer.c...
compiling bsp_rc.c...
compiling Variate.c...
compiling cmsis_os2.c...
compiling remote_control.c...
compiling Time.c...
compiling kalman_filter.c...
compiling user_lib.c...
compiling BMI088Middleware.c...
compiling QuaternionEKF.c...
compiling BMI088driver.c...
compiling usbd_ioreq.c...
compiling usbd_ctlreq.c...
compiling usbd_cdc.c...
compiling usbd_core.c...
compiling CANDrive.c...
compiling motor.c...
compiling ramp.c...
compiling PID.c...
compiling remote.c...
compiling WatchDog.c...
compiling Function.c...
compiling Init_Task.c...
compiling controller.c...
compiling ins_task.c...
compiling MainCtrl_Task.c...
compiling Shoot_Task.c...
compiling Shoot.c...
compiling Gimbal.c...
compiling Chassis_Task.c...
compiling Chassis.c...
compiling Gimbal_Task.c...
compiling plotter.cpp...
compiling plotter_task.cpp...
compiling Task_Music.c...
compiling Callback_Function.c...
compiling Music.c...
compiling USB_Task.c...
linking...
Program Size: Code=64096 RO-data=2792 RW-data=712 ZI-data=73192  
FromELF: creating hex file...
"C_Board_Standard_Robot\C_Board_Standard_Robot.axf" - 0 Error(s), 0 Warning(s).

<h2>Software Packages used:</h2>

Package Vendor: ARM
                http://www.keil.com/pack/ARM.CMSIS.5.7.0.pack
                ARM.CMSIS.5.7.0
                CMSIS (Cortex Microcontroller Software Interface Standard)
   * Component: CORE Version: 5.4.0

Package Vendor: Keil
                https://www.keil.com/pack/Keil.STM32F4xx_DFP.3.1.1.pack
                Keil.STM32F4xx_DFP.3.1.1
                STMicroelectronics STM32F4 Series Device Support

<h2>Collection of Component include folders:</h2>
  .\RTE\_C_Board_Standard_Robot
  C:\Users\34085\AppData\Local\Arm\Packs\ARM\CMSIS\5.7.0\CMSIS\Core\Include

<h2>Collection of Component Files used:</h2>

   * Component: ARM::CMSIS:CORE:5.4.0
      Include file:  CMSIS\Core\Include\tz_context.h
Build Time Elapsed:  00:00:03
</pre>
</body>
</html>
